Java HotSpot(TM) 64-Bit Server VM (25.131-b11) for windows-amd64 JRE (1.8.0_131-b11), built on Mar 15 2017 01:23:53 by "java_re" with MS VC++ 10.0 (VS2010)
Memory: 4k page, physical 12482928k(7559776k free), swap 15759728k(7372312k free)
CommandLine flags: -XX:+HeapDumpOnOutOfMemoryError -XX:InitialHeapSize=199726848 -XX:MaxHeapSize=1073741824 -XX:+PrintGC -XX:+PrintGCTimeStamps -XX:+UseCompressedClassPointers -XX:+UseCompressedOops -XX:-UseGCOverheadLimit -XX:-UseLargePagesIndividualAllocation -XX:+UseParallelGC 
2.143: [GC (Allocation Failure)  49152K->3136K(188416K), 0.0137735 secs]
2.772: [GC (Allocation Failure)  52288K->5008K(188416K), 0.0266129 secs]
3.836: [GC (Allocation Failure)  54160K->6872K(188416K), 0.0211745 secs]
4.665: [GC (Allocation Failure)  56024K->8672K(237568K), 0.0634587 secs]
5.918: [GC (Allocation Failure)  106976K->12888K(237568K), 0.0332751 secs]
6.649: [GC (Allocation Failure)  111192K->17000K(339456K), 0.0380555 secs]
8.074: [GC (Allocation Failure)  211560K->25396K(341504K), 0.0687735 secs]
9.554: [GC (Allocation Failure)  219956K->33596K(449024K), 0.0564179 secs]
11.919: [GC (Allocation Failure)  330556K->45780K(454144K), 0.0919482 secs]
14.068: [GC (Allocation Failure)  342740K->59844K(424448K), 0.0862594 secs]
16.262: [GC (Allocation Failure)  327108K->70892K(439296K), 0.0931278 secs]
18.344: [GC (Allocation Failure)  338156K->82140K(434688K), 0.0701638 secs]
20.446: [GC (Allocation Failure)  350940K->93372K(437760K), 0.1331580 secs]
23.120: [GC (Allocation Failure)  362172K->112308K(439808K), 0.1107907 secs]
25.457: [GC (Allocation Failure)  387252K->123412K(441856K), 0.1023469 secs]
25.559: [Full GC (Ergonomics)  123412K->112420K(522752K), 1.3902714 secs]
29.119: [GC (Allocation Failure)  387364K->123588K(522752K), 0.0542226 secs]
31.427: [GC (Allocation Failure)  402628K->134628K(524288K), 0.1176267 secs]
33.677: [GC (Allocation Failure)  413668K->145508K(517632K), 0.1230880 secs]
36.438: [GC (Allocation Failure)  416868K->155972K(522240K), 0.1638348 secs]
39.125: [GC (Allocation Failure)  427332K->166412K(505856K), 0.1588387 secs]
41.358: [GC (Allocation Failure)  421388K->175844K(496128K), 0.1560709 secs]
43.317: [GC (Allocation Failure)  415520K->184428K(513536K), 0.1467300 secs]
45.337: [GC (Allocation Failure)  438380K->209244K(499712K), 0.1674503 secs]
47.437: [GC (Allocation Failure)  463196K->218348K(512000K), 0.1229823 secs]
47.560: [Full GC (Ergonomics)  218348K->204240K(652288K), 1.8216487 secs]
51.367: [GC (Allocation Failure)  455120K->213104K(612352K), 0.0420733 secs]
53.296: [GC (Allocation Failure)  463984K->221776K(654336K), 0.0925608 secs]
55.231: [GC (Allocation Failure)  475216K->230704K(651776K), 0.0906675 secs]
57.152: [GC (Allocation Failure)  484144K->239728K(649216K), 0.1254610 secs]
59.794: [GC (Allocation Failure)  490608K->250032K(649216K), 0.1440218 secs]
63.069: [GC (Allocation Failure)  500912K->261560K(625664K), 0.2531528 secs]
66.035: [GC (Allocation Failure)  482744K->269920K(617984K), 0.2222503 secs]
68.627: [GC (Allocation Failure)  491104K->277096K(631808K), 0.1912328 secs]
70.319: [GC (Allocation Failure)  490088K->284696K(609280K), 0.2085013 secs]
73.747: [GC (Allocation Failure)  497688K->295416K(635392K), 0.2182712 secs]
76.095: [GC (Allocation Failure)  509432K->303256K(592896K), 0.1890225 secs]
77.861: [GC (Allocation Failure)  517272K->310728K(630784K), 0.1695945 secs]
80.193: [GC (Allocation Failure)  525256K->321272K(630272K), 0.1472565 secs]
82.367: [GC (Allocation Failure)  535800K->328976K(637440K), 0.1508839 secs]
84.172: [GC (Allocation Failure)  550672K->337200K(637440K), 0.1341145 secs]
84.306: [Full GC (Ergonomics)  337200K->329918K(795136K), 5.9502831 secs]
92.808: [GC (Allocation Failure)  551614K->340126K(793088K), 0.0717218 secs]
94.754: [GC (Allocation Failure)  562846K->347486K(794112K), 0.1453417 secs]
97.755: [GC (Allocation Failure)  570206K->357598K(796160K), 0.1647612 secs]
100.648: [GC (Allocation Failure)  586462K->396982K(795648K), 0.2611278 secs]
103.185: [GC (Allocation Failure)  625846K->407318K(771072K), 0.1909996 secs]
105.008: [GC (Allocation Failure)  604950K->414102K(769536K), 0.2120822 secs]
107.403: [GC (Allocation Failure)  611734K->422902K(758784K), 0.2374733 secs]
109.050: [GC (Allocation Failure)  588790K->429326K(744960K), 0.2428072 secs]
111.080: [GC (Allocation Failure)  595214K->435974K(766464K), 0.2282825 secs]
112.813: [GC (Allocation Failure)  594694K->442790K(697856K), 0.2174019 secs]
114.467: [GC (Allocation Failure)  601510K->448414K(759296K), 0.2120890 secs]
116.422: [GC (Allocation Failure)  608670K->455622K(757760K), 0.1777194 secs]
118.039: [GC (Allocation Failure)  615878K->461822K(769536K), 0.1607969 secs]
119.950: [GC (Allocation Failure)  634878K->468454K(769024K), 0.0999789 secs]
121.903: [GC (Allocation Failure)  641510K->475918K(770560K), 0.1403542 secs]
123.826: [GC (Allocation Failure)  654094K->483150K(771072K), 0.1157315 secs]
125.659: [GC (Allocation Failure)  661326K->489870K(770560K), 0.1210210 secs]
127.625: [GC (Allocation Failure)  675214K->496846K(772608K), 0.1731990 secs]
129.905: [GC (Allocation Failure)  682190K->504302K(778752K), 0.1707020 secs]
132.145: [GC (Allocation Failure)  703982K->512174K(778752K), 0.2406577 secs]
134.378: [GC (Allocation Failure)  711854K->520174K(790016K), 0.2520498 secs]
136.857: [GC (Allocation Failure)  731118K->528518K(759808K), 0.2706531 secs]
139.277: [GC (Allocation Failure)  739462K->536886K(788480K), 0.2465382 secs]
139.524: [Full GC (Ergonomics)  536886K->516113K(977920K), 4.5537813 secs]
146.248: [GC (Allocation Failure)  725009K->524510K(922624K), 0.2383417 secs]
148.611: [GC (Allocation Failure)  733406K->532798K(980992K), 0.1436455 secs]
150.979: [GC (Allocation Failure)  745790K->541118K(977408K), 0.2050276 secs]
153.377: [GC (Allocation Failure)  754110K->549342K(977408K), 0.2327047 secs]
155.801: [GC (Allocation Failure)  764382K->557710K(977920K), 0.2599523 secs]
158.202: [GC (Allocation Failure)  772750K->565990K(972800K), 0.2889621 secs]
160.728: [GC (Allocation Failure)  772838K->574078K(965632K), 0.3310888 secs]
163.244: [GC (Allocation Failure)  780926K->582302K(963072K), 0.2847124 secs]
165.461: [GC (Allocation Failure)  768670K->589782K(967168K), 0.3255201 secs]
167.641: [GC (Allocation Failure)  776150K->597230K(958976K), 0.3010416 secs]
170.209: [GC (Allocation Failure)  783598K->604262K(963072K), 0.2516772 secs]
172.444: [GC (Allocation Failure)  790630K->611374K(968704K), 0.2325397 secs]
174.672: [GC (Allocation Failure)  808494K->619046K(970752K), 0.2138297 secs]
177.447: [GC (Allocation Failure)  816166K->626750K(973824K), 0.1788893 secs]
180.677: [GC (Allocation Failure)  827454K->634534K(974336K), 0.2262942 secs]
183.271: [GC (Allocation Failure)  835238K->642254K(972288K), 0.2223279 secs]
186.941: [GC (Allocation Failure)  842958K->649782K(973312K), 0.1357185 secs]
190.014: [GC (Allocation Failure)  850486K->657334K(969216K), 0.1051940 secs]
192.812: [GC (Allocation Failure)  861110K->665078K(972288K), 0.1501838 secs]
195.311: [GC (Allocation Failure)  868854K->672854K(977920K), 0.1976269 secs]
197.939: [GC (Allocation Failure)  888406K->681014K(977920K), 0.2387655 secs]
200.426: [GC (Allocation Failure)  896566K->689174K(975872K), 0.2725119 secs]
203.345: [GC (Allocation Failure)  901142K->697846K(967168K), 0.2959091 secs]
206.602: [GC (Allocation Failure)  909814K->705838K(963584K), 0.4503740 secs]
210.217: [GC (Allocation Failure)  895278K->712886K(944640K), 0.4309549 secs]
213.998: [GC (Allocation Failure)  902326K->720062K(965632K), 0.3196994 secs]
216.138: [GC (Allocation Failure)  877256K->726126K(927744K), 0.3474008 secs]
216.486: [Full GC (Ergonomics)  726126K->720454K(927744K), 8.2843161 secs]
227.636: [Full GC (Ergonomics)  903238K->757634K(927744K), 6.1366184 secs]
234.902: [GC (Allocation Failure) -- 849159K->857047K(927744K), 0.4327572 secs]
235.335: [Full GC (Ergonomics)  857047K->760738K(927744K), 7.1932829 secs]
244.097: [GC (Allocation Failure) -- 857010K->860570K(927744K), 0.4646750 secs]
244.562: [Full GC (Ergonomics)  860570K->764760K(927744K), 8.3750163 secs]
254.030: [GC (Allocation Failure) -- 860441K->863953K(927744K), 0.3850879 secs]
254.415: [Full GC (Ergonomics)  863953K->767740K(927744K), 7.2887821 secs]
262.899: [Full GC (Ergonomics)  863920K->771794K(927744K), 7.3450044 secs]
271.200: [Full GC (Ergonomics)  863819K->774637K(927744K), 8.6329948 secs]
281.127: [Full GC (Ergonomics)  863784K->778334K(927744K), 12.6814221 secs]
294.549: [Full GC (Ergonomics)  863601K->780985K(927744K), 7.2003620 secs]
302.839: [Full GC (Ergonomics)  863510K->784532K(927744K), 6.4377342 secs]
309.950: [Full GC (Ergonomics)  863500K->786974K(927744K), 7.4829566 secs]
318.415: [Full GC (Ergonomics)  863427K->790236K(927744K), 5.6637668 secs]
324.684: [Full GC (Ergonomics)  863424K->792496K(927744K), 7.1628807 secs]
332.773: [Full GC (Ergonomics)  863348K->795586K(927744K), 4.9555364 secs]
338.323: [Full GC (Ergonomics)  863348K->797665K(927744K), 6.1410866 secs]
345.309: [Full GC (Ergonomics)  863334K->800546K(927744K), 7.5978464 secs]
353.555: [Full GC (Ergonomics)  863268K->802583K(927744K), 5.2122578 secs]
359.310: [Full GC (Ergonomics)  863268K->804556K(927744K), 7.9509753 secs]
368.197: [Full GC (Ergonomics)  863193K->807120K(927744K), 6.2178735 secs]
374.989: [Full GC (Ergonomics)  863193K->808840K(927744K), 5.2688198 secs]
380.850: [Full GC (Ergonomics)  863190K->810985K(927744K), 8.3024614 secs]
389.875: [Full GC (Ergonomics)  863122K->812956K(927744K), 5.3053556 secs]
395.707: [Full GC (Ergonomics)  863122K->814497K(927744K), 7.5018982 secs]
403.952: [Full GC (Ergonomics)  863110K->816501K(927744K), 9.2257519 secs]
413.810: [Full GC (Ergonomics)  863054K->818279K(927744K), 5.7462732 secs]
420.106: [Full GC (Ergonomics)  863054K->819646K(927744K), 7.2826428 secs]
427.905: [Full GC (Ergonomics)  863052K->821229K(927744K), 8.2263160 secs]
436.673: [Full GC (Ergonomics)  862996K->823009K(927744K), 4.6531946 secs]
441.722: [Full GC (Ergonomics)  862996K->824240K(927744K), 5.3188784 secs]
447.302: [Full GC (Ergonomics)  862996K->825430K(927744K), 6.1052554 secs]
453.798: [Full GC (Ergonomics)  862979K->827079K(927744K), 7.6572641 secs]
461.865: [Full GC (Ergonomics)  862941K->828452K(927744K), 4.5754232 secs]
466.755: [Full GC (Ergonomics)  862941K->829508K(927744K), 4.9721176 secs]
471.941: [Full GC (Ergonomics)  862941K->830539K(927744K), 5.9217451 secs]
478.220: [Full GC (Ergonomics)  862928K->831883K(927744K), 7.4105605 secs]
486.054: [GC (Allocation Failure) -- 862899K->882171K(927744K), 1.2521557 secs]
487.306: [Full GC (Ergonomics)  882171K->833233K(927744K), 6.4017776 secs]
494.320: [Full GC (Ergonomics)  882145K->834742K(927744K), 5.5290251 secs]
500.203: [Full GC (Ergonomics)  882145K->836300K(927744K), 7.4974552 secs]
508.282: [Full GC (Ergonomics)  882106K->838251K(927744K), 5.3301773 secs]
514.114: [Full GC (Ergonomics)  882106K->839599K(927744K), 4.8454121 secs]
519.320: [Full GC (Ergonomics)  882106K->841122K(927744K), 6.6973787 secs]
526.516: [Full GC (Ergonomics)  882068K->842823K(927744K), 5.1337443 secs]
532.025: [Full GC (Ergonomics)  882068K->844026K(927744K), 4.9332103 secs]
537.200: [Full GC (Ergonomics)  882068K->845216K(927744K), 7.1001223 secs]
544.802: [Full GC (Ergonomics)  882032K->846873K(927744K), 5.3057464 secs]
550.447: [Full GC (Ergonomics)  882032K->847951K(927744K), 4.8547799 secs]
555.518: [Full GC (Ergonomics)  882032K->849009K(927744K), 7.0806377 secs]
562.984: [Full GC (Ergonomics)  882008K->850516K(927744K), 6.9672067 secs]
570.284: [Full GC (Ergonomics)  881999K->851552K(927744K), 5.1224577 secs]
575.629: [Full GC (Ergonomics)  881999K->852480K(927744K), 4.8796454 secs]
580.728: [Full GC (Ergonomics)  881999K->853415K(927744K), 6.7869015 secs]
587.881: [Full GC (Ergonomics)  881971K->854772K(927744K), 5.0796484 secs]
593.235: [Full GC (Ergonomics)  881971K->855647K(927744K), 4.8166078 secs]
598.264: [Full GC (Ergonomics)  881971K->856451K(927744K), 5.8243439 secs]
604.250: [Full GC (Ergonomics)  881971K->857241K(927744K), 6.7157753 secs]
611.169: [Full GC (Ergonomics)  881961K->858224K(927744K), 6.3984877 secs]
617.820: [Full GC (Ergonomics)  881940K->859226K(927744K), 5.6811730 secs]
623.703: [Full GC (Ergonomics)  881940K->859933K(927744K), 5.2760116 secs]
629.146: [Full GC (Ergonomics)  881940K->860606K(927744K), 4.2335929 secs]
633.522: [Full GC (Ergonomics)  881940K->861260K(927744K), 5.9664478 secs]
639.609: [Full GC (Ergonomics)  881939K->861909K(927744K), 6.5254610 secs]
646.301: [Full GC (Ergonomics)  881919K->862697K(927744K), 6.6019151 secs]
653.112: [Full GC (Ergonomics)  881897K->863597K(927744K), 5.4707819 secs]
658.756: [Full GC (Ergonomics)  881897K->864234K(927744K), 5.2036401 secs]
664.109: [Full GC (Ergonomics)  881897K->864781K(927744K), 5.4270308 secs]
669.697: [Full GC (Ergonomics)  881897K->865306K(927744K), 5.4028579 secs]
675.310: [Full GC (Ergonomics)  881897K->865810K(927744K), 5.2408881 secs]
680.701: [Full GC (Ergonomics)  881897K->866300K(927744K), 4.8063153 secs]
685.624: [Full GC (Ergonomics)  881895K->866791K(927744K), 6.8868101 secs]
692.585: [Full GC (Ergonomics)  881884K->867257K(927744K), 7.1515083 secs]
699.900: [Full GC (Ergonomics)  881862K->867958K(927744K), 5.3688454 secs]
705.443: [Full GC (Ergonomics)  881862K->868547K(927744K), 5.8056100 secs]
711.374: [Full GC (Ergonomics)  881862K->869003K(927744K), 4.7768254 secs]
716.267: [Full GC (Ergonomics)  881862K->869403K(927744K), 4.5913317 secs]
721.014: [Full GC (Ergonomics)  881862K->869788K(927744K), 5.6772645 secs]
726.833: [Full GC (Ergonomics)  881862K->870155K(927744K), 6.0273463 secs]
732.943: [Full GC (Ergonomics)  881862K->870512K(927744K), 5.6010441 secs]
738.618: [Full GC (Ergonomics)  881862K->870858K(927744K), 5.8115052 secs]
744.494: [Full GC (Ergonomics)  881861K->871201K(927744K), 5.4298739 secs]
749.987: [Full GC (Ergonomics)  881858K->871534K(927744K), 6.8210442 secs]
756.862: [Full GC (Ergonomics)  881849K->871857K(927744K), 6.8875501 secs]
763.820: [Full GC (Ergonomics)  881833K->872208K(927744K), 6.0658955 secs]
769.993: [Full GC (Ergonomics)  881830K->872694K(927744K), 5.1781856 secs]
775.266: [Full GC (Ergonomics)  881830K->873113K(927744K), 5.5948637 secs]
780.947: [Full GC (Ergonomics)  881830K->873434K(927744K), 4.7144725 secs]
785.750: [Full GC (Ergonomics)  881830K->873715K(927744K), 4.8538484 secs]
790.746: [Full GC (Ergonomics)  881830K->873972K(927744K), 5.5503536 secs]
796.367: [Full GC (Ergonomics)  881830K->874214K(927744K), 5.1471260 secs]
801.586: [Full GC (Ergonomics)  881830K->874447K(927744K), 5.5181362 secs]
807.163: [Full GC (Ergonomics)  881830K->874676K(927744K), 5.8909878 secs]
813.109: [Full GC (Ergonomics)  881830K->874896K(927744K), 5.1155902 secs]
818.275: [Full GC (Ergonomics)  881830K->875105K(927744K), 4.9000902 secs]
823.275: [Full GC (Ergonomics)  881830K->875310K(927744K), 5.1372639 secs]
828.462: [Full GC (Ergonomics)  881830K->875507K(927744K), 5.1363837 secs]
833.639: [Full GC (Ergonomics)  881830K->875700K(927744K), 5.6258502 secs]
839.302: [Full GC (Ergonomics)  881830K->875891K(927744K), 5.8245993 secs]
845.163: [Full GC (Ergonomics)  881829K->876076K(927744K), 6.3217592 secs]
851.527: [Full GC (Ergonomics)  881825K->876252K(927744K), 5.9467020 secs]
857.503: [Full GC (Ergonomics)  881823K->876428K(927744K), 6.5338987 secs]
864.064: [Full GC (Ergonomics)  881817K->876601K(927744K), 6.5448080 secs]
870.666: [Full GC (Ergonomics)  881811K->876766K(927744K), 6.6279798 secs]
877.320: [Full GC (Ergonomics)  881802K->876916K(927744K), 6.6103369 secs]
883.969: [Full GC (Ergonomics)  881797K->877102K(927744K), 6.0658327 secs]
890.092: [Full GC (Ergonomics)  881797K->877349K(927744K), 4.8327702 secs]
894.975: [Full GC (Ergonomics)  881797K->877565K(927744K), 5.5125874 secs]
900.532: [Full GC (Ergonomics)  881797K->877754K(927744K), 5.7763107 secs]
906.381: [Full GC (Ergonomics)  881797K->877943K(927744K), 6.3439407 secs]
912.786: [Full GC (Ergonomics)  881797K->878102K(927744K), 5.9392828 secs]
918.761: [Full GC (Ergonomics)  881797K->878239K(927744K), 4.9352247 secs]
923.730: [Full GC (Ergonomics)  881797K->878363K(927744K), 5.6371987 secs]
929.400: [Full GC (Ergonomics)  881797K->878476K(927744K), 5.5444615 secs]
934.979: [Full GC (Ergonomics)  881797K->878584K(927744K), 5.7456528 secs]
940.784: [Full GC (Ergonomics)  881797K->878684K(927744K), 5.0480866 secs]
945.879: [Full GC (Ergonomics)  881797K->878780K(927744K), 4.7831622 secs]
950.695: [Full GC (Ergonomics)  881797K->878874K(927744K), 5.3458254 secs]
956.086: [Full GC (Ergonomics)  881797K->878964K(927744K), 5.2601010 secs]
961.386: [Full GC (Ergonomics)  881797K->879055K(927744K), 4.8366826 secs]
966.262: [Full GC (Ergonomics)  881797K->879138K(927744K), 4.5296611 secs]
970.835: [Full GC (Ergonomics)  881797K->879219K(927744K), 5.6336228 secs]
976.494: [Full GC (Ergonomics)  881797K->879298K(927744K), 4.8280921 secs]
981.359: [Full GC (Ergonomics)  881797K->879379K(927744K), 5.0312325 secs]
986.420: [Full GC (Ergonomics)  881797K->879452K(927744K), 5.5210189 secs]
991.960: [Full GC (Ergonomics)  881797K->879521K(927744K), 5.5814674 secs]
997.560: [Full GC (Ergonomics)  881797K->879594K(927744K), 5.7601101 secs]
1003.339: [Full GC (Ergonomics)  881797K->879658K(927744K), 5.4929430 secs]
1008.849: [Full GC (Ergonomics)  881797K->879726K(927744K), 5.6991297 secs]
1014.718: [Full GC (Ergonomics)  881797K->879787K(927744K), 5.2344067 secs]
1019.968: [Full GC (Ergonomics)  881797K->879849K(927744K), 5.6113071 secs]
1025.631: [Full GC (Ergonomics)  881797K->879909K(927744K), 5.2820917 secs]
1030.944: [Full GC (Ergonomics)  881797K->879964K(927744K), 5.9241148 secs]
1036.885: [Full GC (Ergonomics)  881797K->880022K(927744K), 4.8244730 secs]
1041.721: [Full GC (Ergonomics)  881797K->880078K(927744K), 4.7592061 secs]
1046.494: [Full GC (Ergonomics)  881797K->880127K(927744K), 5.9223839 secs]
1052.428: [Full GC (Ergonomics)  881797K->880177K(927744K), 5.3389632 secs]
1057.779: [Full GC (Ergonomics)  881797K->880226K(927744K), 4.6046465 secs]
1062.395: [Full GC (Ergonomics)  881797K->880278K(927744K), 5.6325208 secs]
1068.039: [Full GC (Ergonomics)  881797K->880322K(927744K), 5.6211504 secs]
1073.670: [Full GC (Ergonomics)  881797K->880365K(927744K), 4.5079768 secs]
1078.188: [Full GC (Ergonomics)  881797K->880409K(927744K), 5.5155892 secs]
1083.713: [Full GC (Ergonomics)  881797K->880454K(927744K), 5.7435221 secs]
1089.466: [Full GC (Ergonomics)  881797K->880492K(927744K), 5.2693016 secs]
1094.744: [Full GC (Ergonomics)  881796K->880533K(927744K), 5.2073353 secs]
1099.959: [Full GC (Ergonomics)  881796K->880572K(927744K), 5.3256524 secs]
1105.293: [Full GC (Ergonomics)  881796K->880611K(927744K), 5.5175383 secs]
1110.821: [Full GC (Ergonomics)  881795K->880647K(927744K), 5.8115005 secs]
1116.643: [Full GC (Ergonomics)  881794K->880683K(927744K), 5.8905725 secs]
1122.541: [Full GC (Ergonomics)  881793K->880718K(927744K), 5.5994909 secs]
1128.147: [Full GC (Ergonomics)  881793K->880751K(927744K), 5.7380960 secs]
1133.892: [Full GC (Ergonomics)  881793K->880784K(927744K), 5.9311340 secs]
1139.830: [Full GC (Ergonomics)  881792K->880815K(927744K), 5.0396665 secs]
1144.876: [Full GC (Ergonomics)  881792K->880848K(927744K), 5.2726553 secs]
1150.154: [Full GC (Ergonomics)  881792K->880877K(927744K), 6.0385197 secs]
1156.201: [Full GC (Ergonomics)  881791K->880906K(927744K), 6.2603841 secs]
1162.467: [Full GC (Ergonomics)  881790K->880933K(927744K), 4.9571959 secs]
1167.431: [Full GC (Ergonomics)  881790K->880963K(927744K), 7.2952424 secs]
1174.731: [Full GC (Ergonomics)  881790K->880985K(927744K), 5.5633300 secs]
1180.299: [Full GC (Ergonomics)  881790K->881009K(927744K), 5.6832659 secs]
1185.987: [Full GC (Ergonomics)  881789K->881032K(927744K), 5.5695934 secs]
1191.561: [Full GC (Ergonomics)  881789K->881059K(927744K), 5.7240912 secs]
1197.290: [Full GC (Ergonomics)  881789K->881080K(927744K), 5.2316892 secs]
1202.526: [Full GC (Ergonomics)  881789K->881100K(927744K), 6.1935642 secs]
1208.724: [Full GC (Ergonomics)  881788K->881124K(927744K), 5.6631561 secs]
1214.391: [Full GC (Ergonomics)  881787K->881142K(927744K), 5.9771534 secs]
1220.372: [Full GC (Ergonomics)  881787K->881163K(927744K), 5.1486333 secs]
1225.524: [Full GC (Ergonomics)  881787K->881181K(927744K), 5.3952908 secs]
1230.924: [Full GC (Ergonomics)  881786K->881200K(927744K), 6.0293967 secs]
1236.957: [Full GC (Ergonomics)  881785K->881219K(927744K), 5.4271216 secs]
1242.388: [Full GC (Ergonomics)  881785K->881237K(927744K), 5.9820335 secs]
1248.373: [Full GC (Ergonomics)  881785K->881256K(927744K), 4.8665069 secs]
1253.243: [Full GC (Ergonomics)  881784K->881273K(927744K), 5.9198471 secs]
1259.166: [Full GC (Ergonomics)  881783K->881290K(927744K), 5.5053025 secs]
1264.674: [Full GC (Ergonomics)  881782K->881305K(927744K), 5.6172616 secs]
1270.296: [Full GC (Ergonomics)  881781K->881321K(927744K), 6.1636892 secs]
1276.462: [Full GC (Ergonomics)  881781K->881339K(927744K), 5.4166608 secs]
1281.881: [Full GC (Ergonomics)  881779K->881352K(927744K), 5.3774274 secs]
1287.262: [Full GC (Ergonomics)  881779K->881366K(927744K), 5.7547340 secs]
1293.019: [Full GC (Ergonomics)  881778K->881377K(927744K), 5.3462391 secs]
1298.367: [Full GC (Ergonomics)  881777K->881392K(927744K), 5.7909061 secs]
1304.161: [Full GC (Ergonomics)  881777K->881405K(927744K), 5.8027865 secs]
1309.966: [Full GC (Ergonomics)  881776K->881417K(927744K), 5.2711715 secs]
1315.239: [Full GC (Ergonomics)  881775K->881428K(927744K), 5.6917821 secs]
1320.933: [Full GC (Ergonomics)  881775K->881437K(927744K), 5.9103125 secs]
1326.847: [Full GC (Ergonomics)  881774K->881447K(927744K), 5.1350788 secs]
1331.984: [Full GC (Ergonomics)  881774K->881460K(927744K), 6.1309124 secs]
1338.117: [Full GC (Ergonomics)  881773K->881469K(927744K), 5.5372532 secs]
1343.656: [Full GC (Ergonomics)  881773K->881476K(927744K), 5.5180880 secs]
1349.177: [Full GC (Ergonomics)  881773K->881486K(927744K), 5.9995208 secs]
1355.178: [Full GC (Ergonomics)  881772K->881496K(927744K), 4.9717685 secs]
1360.152: [Full GC (Ergonomics)  881772K->881503K(927744K), 5.6178712 secs]
1365.772: [Full GC (Ergonomics)  881772K->881512K(927744K), 4.8484758 secs]
1370.624: [Full GC (Ergonomics)  881772K->881521K(927744K), 5.6492310 secs]
1376.276: [Full GC (Ergonomics)  881771K->881529K(927744K), 4.7881172 secs]
1381.065: [Full GC (Ergonomics)  881771K->881537K(927744K), 5.6365727 secs]
1386.704: [Full GC (Ergonomics)  881770K->881543K(927744K), 5.0862196 secs]
1391.792: [Full GC (Ergonomics)  881770K->881550K(927744K), 5.7748614 secs]
1397.568: [Full GC (Ergonomics)  881770K->881559K(927744K), 5.8229054 secs]
1403.393: [Full GC (Ergonomics)  881769K->881564K(927744K), 5.7555605 secs]
1409.150: [Full GC (Ergonomics)  881768K->881571K(927744K), 5.2830882 secs]
1414.434: [Full GC (Ergonomics)  881768K->881577K(927744K), 4.9987010 secs]
1419.435: [Full GC (Ergonomics)  881768K->881583K(927744K), 5.4447205 secs]
1424.881: [Full GC (Ergonomics)  881768K->881590K(927744K), 6.1423592 secs]
1431.024: [Full GC (Ergonomics)  881767K->881595K(927744K), 5.3941483 secs]
1436.420: [Full GC (Ergonomics)  881767K->881600K(927744K), 5.4519379 secs]
1441.873: [Full GC (Ergonomics)  881767K->881605K(927744K), 5.5012609 secs]
1447.377: [Full GC (Ergonomics)  881767K->881610K(927744K), 5.8447003 secs]
1453.223: [Full GC (Ergonomics)  881767K->881614K(927744K), 4.8084601 secs]
1458.033: [Full GC (Ergonomics)  881767K->881617K(927744K), 4.5973448 secs]
1462.631: [Full GC (Ergonomics)  881767K->881621K(927744K), 4.4845838 secs]
1467.117: [Full GC (Ergonomics)  881767K->881626K(927744K), 5.2013489 secs]
1472.320: [Full GC (Ergonomics)  881767K->881631K(927744K), 5.7437573 secs]
1478.065: [Full GC (Ergonomics)  881766K->881634K(927744K), 5.5826736 secs]
1483.649: [Full GC (Ergonomics)  881766K->881638K(927744K), 5.6846716 secs]
1489.334: [Full GC (Ergonomics)  881766K->881642K(927744K), 5.2578875 secs]
1494.593: [Full GC (Ergonomics)  881766K->881646K(927744K), 5.5838995 secs]
1500.179: [Full GC (Ergonomics)  881766K->881648K(927744K), 5.0270450 secs]
1505.207: [Full GC (Ergonomics)  881766K->881652K(927744K), 5.7300966 secs]
1510.939: [Full GC (Ergonomics)  881766K->881654K(927744K), 5.8839183 secs]
1516.824: [Full GC (Ergonomics)  881766K->881657K(927744K), 5.5150518 secs]
1522.340: [Full GC (Ergonomics)  881766K->881660K(927744K), 5.6726422 secs]
1528.014: [Full GC (Ergonomics)  881766K->881664K(927744K), 5.0298196 secs]
1533.045: [Full GC (Ergonomics)  881766K->881666K(927744K), 5.6320380 secs]
1538.678: [Full GC (Ergonomics)  881766K->881670K(927744K), 6.0608484 secs]
1544.740: [Full GC (Ergonomics)  881766K->881672K(927744K), 5.7192298 secs]
1550.461: [Full GC (Ergonomics)  881766K->881675K(927744K), 5.2548605 secs]
1555.717: [Full GC (Ergonomics)  881766K->881679K(927744K), 7.1896689 secs]
1562.908: [Full GC (Ergonomics)  881766K->881679K(927744K), 6.3237571 secs]
1569.233: [Full GC (Ergonomics)  881766K->881683K(927744K), 5.0688731 secs]
1574.303: [Full GC (Ergonomics)  881766K->881685K(927744K), 5.3976054 secs]
1579.702: [Full GC (Ergonomics)  881766K->881687K(927744K), 5.9339830 secs]
1585.638: [Full GC (Ergonomics)  881766K->881689K(927744K), 5.4378150 secs]
1591.077: [Full GC (Ergonomics)  881766K->881692K(927744K), 5.9544667 secs]
1597.033: [Full GC (Ergonomics)  881766K->881693K(927744K), 5.0160537 secs]
1602.050: [Full GC (Ergonomics)  881766K->881695K(927744K), 4.8044057 secs]
1606.855: [Full GC (Ergonomics)  881766K->881697K(927744K), 4.5105972 secs]
1611.367: [Full GC (Ergonomics)  881766K->881699K(927744K), 5.5174493 secs]
1616.886: [Full GC (Ergonomics)  881766K->881702K(927744K), 5.0063475 secs]
1621.893: [Full GC (Ergonomics)  881766K->881703K(927744K), 5.5687894 secs]
1627.465: [Full GC (Ergonomics)  881766K->881705K(927744K), 5.2526002 secs]
1632.719: [Full GC (Ergonomics)  881766K->881707K(927744K), 5.7178622 secs]
1638.439: [Full GC (Ergonomics)  881766K->881709K(927744K), 3.8014437 secs]
1642.241: [Full GC (Ergonomics)  881766K->881711K(927744K), 5.6868056 secs]
1647.929: [Full GC (Ergonomics)  881766K->881713K(927744K), 5.0085365 secs]
1652.938: [Full GC (Ergonomics)  881766K->881714K(927744K), 5.3993461 secs]
1658.338: [Full GC (Ergonomics)  881766K->881716K(927744K), 5.3224968 secs]
1663.661: [Full GC (Ergonomics)  881766K->881717K(927744K), 4.9865070 secs]
1668.648: [Full GC (Ergonomics)  881766K->881719K(927744K), 5.7128325 secs]
1674.362: [Full GC (Ergonomics)  881766K->881721K(927744K), 5.4656732 secs]
1679.829: [Full GC (Ergonomics) 